Router ISP


Router(config)#no ip domain-lookup 
Router(config)#ip dh
Router(config)#ip dhcp ex
Router(config)#ip dhcp excluded-address 10.1.1.1
Router(config)#ip dhcp excluded-address 10.1.1.5
Router(config)#ip dhcp excluded-address 10.1.1.9
Router(config)#ip dhcp excluded-address 10.1.1.13
Router(config)#service dhcp
Router(config)#ip dh
Router(config)#ip dhcp pool LanPool1
Router(dhcp-config)#network
% Incomplete command.
Router(dhcp-config)#network 10.1.1.0 255.255.255.252
Router(dhcp-config)#default router 10.1.1.1
                            ^
% Invalid input detected at '^' marker.
	
Router(dhcp-config)#default-router 10.1.1.1
Router(dhcp-config)#exit
Router(config)#ip dhcp pool LanPool2
Router(dhcp-config)#network 10.1.1.4 255.255.255.252
Router(dhcp-config)#default-router 10.1.1.5
Router(dhcp-config)#ip dhcp pool LanPool3
Router(dhcp-config)#network 10.1.1.8 255.255.255.252
Router(dhcp-config)#default-router 10.1.1.9
Router(dhcp-config)#ip dhcp pool LanPool4
Router(dhcp-config)#network 10.1.1.12 255.255.255.252
Router(dhcp-config)#default-router 10.1.1.13
Router(dhcp-config)#exit
Router(config)#interface se
Router(config)#interface serial 0/1/1
Router(config-if)#ip addr
Router(config-if)#ip address 10.1.1.1 255.255.255.252
Router(config-if)#no shu
Router(config-if)#no shutdown 

Router(config-if)#exit
Router(config)#interface serial 0/1/0
Router(config-if)#ip address 10.1.1.5 255.255.255.252
Router(config-if)#no shutdown 

Router(config-if)#
%LINK-5-CHANGED: Interface Serial0/1/1, changed state to up

%LINK-5-CHANGED: Interface Serial0/1/0, changed state to up

%LINEPROTO-5-UPDOWN: Line protocol on Interface Serial0/1/1, changed state to up

%LINEPROTO-5-UPDOWN: Line protocol on Interface Serial0/1/0, changed state to up

Router(config-if)#interface serial 0/0/1
Router(config-if)#ip address 10.1.1.9 255.255.255.252
Router(config-if)#no shutdown 

%LINK-5-CHANGED: Interface Serial0/0/1, changed state to down
Router(config-if)#interface serial 0/0/0
Router(config-if)#ip address 10.1.1.3 255.255.255.252
Bad mask /30 for address 10.1.1.3
Router(config-if)#ip address 10.1.1.13 255.255.255.252
Router(config-if)#no shutdown 

%LINK-5-CHANGED: Interface Serial0/0/0, changed state to down
Router(config-if)#